[     563ms] [LOG] %c数星埋点初始化成功 color: #00bebd @ https://www.zhipin.com/job_detail/12f208340126b7cc0nB90ti4EVtV.html:127
[    2007ms] [LOG] JSHandle@node @ https://static.zhipin.com/zhipin-geek-seo/v5460/web/geek/js/main.js:0
[    2007ms] [LOG] Tue Jun 09 2026 11:38:12 GMT+0800 (中国标准时间) @ https://static.zhipin.com/zhipin-geek-seo/v5460/web/geek/js/main.js:0
[    2007ms] [LOG] function(){} @ https://static.zhipin.com/zhipin-geek-seo/v5460/web/geek/js/main.js:0
[    2007ms] [TABLE] [Object, Object, Object, Object, Object, Object, Object, Object, Object, Object, Object, Object, Object, Object, Object, Object, Object, Object, Object, Object, Object, Object, Object, Object, Object, Object, Object, Object, Object, Object, Object, Object, Object, Object, Object, Object, Object, Object, Object, Object, Object, Object, Object, Object, Object, Object, Object, Object, Object, Object] @ https://static.zhipin.com/zhipin-geek-seo/v5460/web/geek/js/main.js:0
[    2041ms] [LOG] [Object, Object, Object, Object, Object, Object, Object, Object, Object, Object, Object, Object, Object, Object, Object, Object, Object, Object, Object, Object, Object, Object, Object, Object, Object, Object, Object, Object, Object, Object, Object, Object, Object, Object, Object, Object, Object, Object, Object, Object, Object, Object, Object, Object, Object, Object, Object, Object, Object, Object] @ https://static.zhipin.com/zhipin-geek-seo/v5460/web/geek/js/main.js:0
[    2507ms] [LOG] JSHandle@node @ https://static.zhipin.com/zhipin-geek-seo/v5460/web/geek/js/main.js:0
[    2507ms] [LOG] Tue Jun 09 2026 11:38:12 GMT+0800 (中国标准时间) @ https://static.zhipin.com/zhipin-geek-seo/v5460/web/geek/js/main.js:0
[    2507ms] [LOG] function(){} @ https://static.zhipin.com/zhipin-geek-seo/v5460/web/geek/js/main.js:0
[    2507ms] [TABLE] [Object, Object, Object, Object, Object, Object, Object, Object, Object, Object, Object, Object, Object, Object, Object, Object, Object, Object, Object, Object, Object, Object, Object, Object, Object, Object, Object, Object, Object, Object, Object, Object, Object, Object, Object, Object, Object, Object, Object, Object, Object, Object, Object, Object, Object, Object, Object, Object, Object, Object] @ https://static.zhipin.com/zhipin-geek-seo/v5460/web/geek/js/main.js:0
[    2544ms] [LOG] [Object, Object, Object, Object, Object, Object, Object, Object, Object, Object, Object, Object, Object, Object, Object, Object, Object, Object, Object, Object, Object, Object, Object, Object, Object, Object, Object, Object, Object, Object, Object, Object, Object, Object, Object, Object, Object, Object, Object, Object, Object, Object, Object, Object, Object, Object, Object, Object, Object, Object] @ https://static.zhipin.com/zhipin-geek-seo/v5460/web/geek/js/main.js:0
[    3044ms] [LOG] JSHandle@node @ https://static.zhipin.com/zhipin-geek-seo/v5460/web/geek/js/main.js:0
[    3045ms] [LOG] Tue Jun 09 2026 11:38:12 GMT+0800 (中国标准时间) @ https://static.zhipin.com/zhipin-geek-seo/v5460/web/geek/js/main.js:0
[    3045ms] [LOG] function(){} @ https://static.zhipin.com/zhipin-geek-seo/v5460/web/geek/js/main.js:0
[    3045ms] [TABLE] [Object, Object, Object, Object, Object, Object, Object, Object, Object, Object, Object, Object, Object, Object, Object, Object, Object, Object, Object, Object, Object, Object, Object, Object, Object, Object, Object, Object, Object, Object, Object, Object, Object, Object, Object, Object, Object, Object, Object, Object, Object, Object, Object, Object, Object, Object, Object, Object, Object, Object] @ https://static.zhipin.com/zhipin-geek-seo/v5460/web/geek/js/main.js:0
[    3077ms] [LOG] [Object, Object, Object, Object, Object, Object, Object, Object, Object, Object, Object, Object, Object, Object, Object, Object, Object, Object, Object, Object, Object, Object, Object, Object, Object, Object, Object, Object, Object, Object, Object, Object, Object, Object, Object, Object, Object, Object, Object, Object, Object, Object, Object, Object, Object, Object, Object, Object, Object, Object] @ https://static.zhipin.com/zhipin-geek-seo/v5460/web/geek/js/main.js:0
[    3538ms] [LOG] JSHandle@node @ https://static.zhipin.com/zhipin-geek-seo/v5460/web/geek/js/main.js:0
[    3538ms] [LOG] Tue Jun 09 2026 11:38:12 GMT+0800 (中国标准时间) @ https://static.zhipin.com/zhipin-geek-seo/v5460/web/geek/js/main.js:0
[    3538ms] [LOG] function(){} @ https://static.zhipin.com/zhipin-geek-seo/v5460/web/geek/js/main.js:0
[    3538ms] [TABLE] [Object, Object, Object, Object, Object, Object, Object, Object, Object, Object, Object, Object, Object, Object, Object, Object, Object, Object, Object, Object, Object, Object, Object, Object, Object, Object, Object, Object, Object, Object, Object, Object, Object, Object, Object, Object, Object, Object, Object, Object, Object, Object, Object, Object, Object, Object, Object, Object, Object, Object] @ https://static.zhipin.com/zhipin-geek-seo/v5460/web/geek/js/main.js:0
[    3565ms] [LOG] [Object, Object, Object, Object, Object, Object, Object, Object, Object, Object, Object, Object, Object, Object, Object, Object, Object, Object, Object, Object, Object, Object, Object, Object, Object, Object, Object, Object, Object, Object, Object, Object, Object, Object, Object, Object, Object, Object, Object, Object, Object, Object, Object, Object, Object, Object, Object, Object, Object, Object] @ https://static.zhipin.com/zhipin-geek-seo/v5460/web/geek/js/main.js:0
[    4038ms] [LOG] JSHandle@node @ https://static.zhipin.com/zhipin-geek-seo/v5460/web/geek/js/main.js:0
[    4038ms] [LOG] Tue Jun 09 2026 11:38:12 GMT+0800 (中国标准时间) @ https://static.zhipin.com/zhipin-geek-seo/v5460/web/geek/js/main.js:0
[    4038ms] [LOG] function(){} @ https://static.zhipin.com/zhipin-geek-seo/v5460/web/geek/js/main.js:0
[    4038ms] [TABLE] [Object, Object, Object, Object, Object, Object, Object, Object, Object, Object, Object, Object, Object, Object, Object, Object, Object, Object, Object, Object, Object, Object, Object, Object, Object, Object, Object, Object, Object, Object, Object, Object, Object, Object, Object, Object, Object, Object, Object, Object, Object, Object, Object, Object, Object, Object, Object, Object, Object, Object] @ https://static.zhipin.com/zhipin-geek-seo/v5460/web/geek/js/main.js:0
[    4066ms] [LOG] [Object, Object, Object, Object, Object, Object, Object, Object, Object, Object, Object, Object, Object, Object, Object, Object, Object, Object, Object, Object, Object, Object, Object, Object, Object, Object, Object, Object, Object, Object, Object, Object, Object, Object, Object, Object, Object, Object, Object, Object, Object, Object, Object, Object, Object, Object, Object, Object, Object, Object] @ https://static.zhipin.com/zhipin-geek-seo/v5460/web/geek/js/main.js:0
[    4277ms] [INFO] Slow network is detected. See https://www.chromestatus.com/feature/5636954674692096 for more details. Fallback font will be used while loading: https://img.bosszhipin.com/static/file/2022/16a48d9v961651026858984.ttf @ https://www.zhipin.com/job_detail/12f208340126b7cc0nB90ti4EVtV.html:0
[    4538ms] [LOG] JSHandle@node @ https://static.zhipin.com/zhipin-geek-seo/v5460/web/geek/js/main.js:0
[    4538ms] [LOG] Tue Jun 09 2026 11:38:12 GMT+0800 (中国标准时间) @ https://static.zhipin.com/zhipin-geek-seo/v5460/web/geek/js/main.js:0
[    4539ms] [LOG] function(){} @ https://static.zhipin.com/zhipin-geek-seo/v5460/web/geek/js/main.js:0
[    4539ms] [TABLE] [Object, Object, Object, Object, Object, Object, Object, Object, Object, Object, Object, Object, Object, Object, Object, Object, Object, Object, Object, Object, Object, Object, Object, Object, Object, Object, Object, Object, Object, Object, Object, Object, Object, Object, Object, Object, Object, Object, Object, Object, Object, Object, Object, Object, Object, Object, Object, Object, Object, Object] @ https://static.zhipin.com/zhipin-geek-seo/v5460/web/geek/js/main.js:0
[    4567ms] [LOG] [Object, Object, Object, Object, Object, Object, Object, Object, Object, Object, Object, Object, Object, Object, Object, Object, Object, Object, Object, Object, Object, Object, Object, Object, Object, Object, Object, Object, Object, Object, Object, Object, Object, Object, Object, Object, Object, Object, Object, Object, Object, Object, Object, Object, Object, Object, Object, Object, Object, Object] @ https://static.zhipin.com/zhipin-geek-seo/v5460/web/geek/js/main.js:0
[    5038ms] [LOG] JSHandle@node @ https://static.zhipin.com/zhipin-geek-seo/v5460/web/geek/js/main.js:0
[    5039ms] [LOG] Tue Jun 09 2026 11:38:12 GMT+0800 (中国标准时间) @ https://static.zhipin.com/zhipin-geek-seo/v5460/web/geek/js/main.js:0
[    5039ms] [LOG] function(){} @ https://static.zhipin.com/zhipin-geek-seo/v5460/web/geek/js/main.js:0
[    5039ms] [TABLE] [Object, Object, Object, Object, Object, Object, Object, Object, Object, Object, Object, Object, Object, Object, Object, Object, Object, Object, Object, Object, Object, Object, Object, Object, Object, Object, Object, Object, Object, Object, Object, Object, Object, Object, Object, Object, Object, Object, Object, Object, Object, Object, Object, Object, Object, Object, Object, Object, Object, Object] @ https://static.zhipin.com/zhipin-geek-seo/v5460/web/geek/js/main.js:0
[    5075ms] [LOG] [Object, Object, Object, Object, Object, Object, Object, Object, Object, Object, Object, Object, Object, Object, Object, Object, Object, Object, Object, Object, Object, Object, Object, Object, Object, Object, Object, Object, Object, Object, Object, Object, Object, Object, Object, Object, Object, Object, Object, Object, Object, Object, Object, Object, Object, Object, Object, Object, Object, Object] @ https://static.zhipin.com/zhipin-geek-seo/v5460/web/geek/js/main.js:0
[    5538ms] [LOG] JSHandle@node @ https://static.zhipin.com/zhipin-geek-seo/v5460/web/geek/js/main.js:0
[    5538ms] [LOG] Tue Jun 09 2026 11:38:12 GMT+0800 (中国标准时间) @ https://static.zhipin.com/zhipin-geek-seo/v5460/web/geek/js/main.js:0
[    5539ms] [LOG] function(){} @ https://static.zhipin.com/zhipin-geek-seo/v5460/web/geek/js/main.js:0
[    5539ms] [TABLE] [Object, Object, Object, Object, Object, Object, Object, Object, Object, Object, Object, Object, Object, Object, Object, Object, Object, Object, Object, Object, Object, Object, Object, Object, Object, Object, Object, Object, Object, Object, Object, Object, Object, Object, Object, Object, Object, Object, Object, Object, Object, Object, Object, Object, Object, Object, Object, Object, Object, Object] @ https://static.zhipin.com/zhipin-geek-seo/v5460/web/geek/js/main.js:0
[    5591ms] [LOG] [Object, Object, Object, Object, Object, Object, Object, Object, Object, Object, Object, Object, Object, Object, Object, Object, Object, Object, Object, Object, Object, Object, Object, Object, Object, Object, Object, Object, Object, Object, Object, Object, Object, Object, Object, Object, Object, Object, Object, Object, Object, Object, Object, Object, Object, Object, Object, Object, Object, Object] @ https://static.zhipin.com/zhipin-geek-seo/v5460/web/geek/js/main.js:0
[    6038ms] [LOG] JSHandle@node @ https://static.zhipin.com/zhipin-geek-seo/v5460/web/geek/js/main.js:0
[    6039ms] [LOG] Tue Jun 09 2026 11:38:12 GMT+0800 (中国标准时间) @ https://static.zhipin.com/zhipin-geek-seo/v5460/web/geek/js/main.js:0
[    6039ms] [LOG] function(){} @ https://static.zhipin.com/zhipin-geek-seo/v5460/web/geek/js/main.js:0
[    6039ms] [TABLE] [Object, Object, Object, Object, Object, Object, Object, Object, Object, Object, Object, Object, Object, Object, Object, Object, Object, Object, Object, Object, Object, Object, Object, Object, Object, Object, Object, Object, Object, Object, Object, Object, Object, Object, Object, Object, Object, Object, Object, Object, Object, Object, Object, Object, Object, Object, Object, Object, Object, Object] @ https://static.zhipin.com/zhipin-geek-seo/v5460/web/geek/js/main.js:0
[    6066ms] [LOG] [Object, Object, Object, Object, Object, Object, Object, Object, Object, Object, Object, Object, Object, Object, Object, Object, Object, Object, Object, Object, Object, Object, Object, Object, Object, Object, Object, Object, Object, Object, Object, Object, Object, Object, Object, Object, Object, Object, Object, Object, Object, Object, Object, Object, Object, Object, Object, Object, Object, Object] @ https://static.zhipin.com/zhipin-geek-seo/v5460/web/geek/js/main.js:0
[    6538ms] [LOG] JSHandle@node @ https://static.zhipin.com/zhipin-geek-seo/v5460/web/geek/js/main.js:0
[    6539ms] [LOG] Tue Jun 09 2026 11:38:12 GMT+0800 (中国标准时间) @ https://static.zhipin.com/zhipin-geek-seo/v5460/web/geek/js/main.js:0
[    6539ms] [LOG] function(){} @ https://static.zhipin.com/zhipin-geek-seo/v5460/web/geek/js/main.js:0
[    6539ms] [TABLE] [Object, Object, Object, Object, Object, Object, Object, Object, Object, Object, Object, Object, Object, Object, Object, Object, Object, Object, Object, Object, Object, Object, Object, Object, Object, Object, Object, Object, Object, Object, Object, Object, Object, Object, Object, Object, Object, Object, Object, Object, Object, Object, Object, Object, Object, Object, Object, Object, Object, Object] @ https://static.zhipin.com/zhipin-geek-seo/v5460/web/geek/js/main.js:0
[    6566ms] [LOG] [Object, Object, Object, Object, Object, Object, Object, Object, Object, Object, Object, Object, Object, Object, Object, Object, Object, Object, Object, Object, Object, Object, Object, Object, Object, Object, Object, Object, Object, Object, Object, Object, Object, Object, Object, Object, Object, Object, Object, Object, Object, Object, Object, Object, Object, Object, Object, Object, Object, Object] @ https://static.zhipin.com/zhipin-geek-seo/v5460/web/geek/js/main.js:0
[    7039ms] [LOG] JSHandle@node @ https://static.zhipin.com/zhipin-geek-seo/v5460/web/geek/js/main.js:0
[    7039ms] [LOG] Tue Jun 09 2026 11:38:12 GMT+0800 (中国标准时间) @ https://static.zhipin.com/zhipin-geek-seo/v5460/web/geek/js/main.js:0
[    7039ms] [LOG] function(){} @ https://static.zhipin.com/zhipin-geek-seo/v5460/web/geek/js/main.js:0
[    7039ms] [TABLE] [Object, Object, Object, Object, Object, Object, Object, Object, Object, Object, Object, Object, Object, Object, Object, Object, Object, Object, Object, Object, Object, Object, Object, Object, Object, Object, Object, Object, Object, Object, Object, Object, Object, Object, Object, Object, Object, Object, Object, Object, Object, Object, Object, Object, Object, Object, Object, Object, Object, Object] @ https://static.zhipin.com/zhipin-geek-seo/v5460/web/geek/js/main.js:0
[    7063ms] [LOG] [Object, Object, Object, Object, Object, Object, Object, Object, Object, Object, Object, Object, Object, Object, Object, Object, Object, Object, Object, Object, Object, Object, Object, Object, Object, Object, Object, Object, Object, Object, Object, Object, Object, Object, Object, Object, Object, Object, Object, Object, Object, Object, Object, Object, Object, Object, Object, Object, Object, Object] @ https://static.zhipin.com/zhipin-geek-seo/v5460/web/geek/js/main.js:0
[    7539ms] [LOG] JSHandle@node @ https://static.zhipin.com/zhipin-geek-seo/v5460/web/geek/js/main.js:0
[    7539ms] [LOG] Tue Jun 09 2026 11:38:12 GMT+0800 (中国标准时间) @ https://static.zhipin.com/zhipin-geek-seo/v5460/web/geek/js/main.js:0
[    7539ms] [LOG] function(){} @ https://static.zhipin.com/zhipin-geek-seo/v5460/web/geek/js/main.js:0
[    7539ms] [TABLE] [Object, Object, Object, Object, Object, Object, Object, Object, Object, Object, Object, Object, Object, Object, Object, Object, Object, Object, Object, Object, Object, Object, Object, Object, Object, Object, Object, Object, Object, Object, Object, Object, Object, Object, Object, Object, Object, Object, Object, Object, Object, Object, Object, Object, Object, Object, Object, Object, Object, Object] @ https://static.zhipin.com/zhipin-geek-seo/v5460/web/geek/js/main.js:0
[    7566ms] [LOG] [Object, Object, Object, Object, Object, Object, Object, Object, Object, Object, Object, Object, Object, Object, Object, Object, Object, Object, Object, Object, Object, Object, Object, Object, Object, Object, Object, Object, Object, Object, Object, Object, Object, Object, Object, Object, Object, Object, Object, Object, Object, Object, Object, Object, Object, Object, Object, Object, Object, Object] @ https://static.zhipin.com/zhipin-geek-seo/v5460/web/geek/js/main.js:0
[    8039ms] [LOG] JSHandle@node @ https://static.zhipin.com/zhipin-geek-seo/v5460/web/geek/js/main.js:0
[    8039ms] [LOG] Tue Jun 09 2026 11:38:12 GMT+0800 (中国标准时间) @ https://static.zhipin.com/zhipin-geek-seo/v5460/web/geek/js/main.js:0
[    8039ms] [LOG] function(){} @ https://static.zhipin.com/zhipin-geek-seo/v5460/web/geek/js/main.js:0
[    8039ms] [TABLE] [Object, Object, Object, Object, Object, Object, Object, Object, Object, Object, Object, Object, Object, Object, Object, Object, Object, Object, Object, Object, Object, Object, Object, Object, Object, Object, Object, Object, Object, Object, Object, Object, Object, Object, Object, Object, Object, Object, Object, Object, Object, Object, Object, Object, Object, Object, Object, Object, Object, Object] @ https://static.zhipin.com/zhipin-geek-seo/v5460/web/geek/js/main.js:0
[    8065ms] [LOG] [Object, Object, Object, Object, Object, Object, Object, Object, Object, Object, Object, Object, Object, Object, Object, Object, Object, Object, Object, Object, Object, Object, Object, Object, Object, Object, Object, Object, Object, Object, Object, Object, Object, Object, Object, Object, Object, Object, Object, Object, Object, Object, Object, Object, Object, Object, Object, Object, Object, Object] @ https://static.zhipin.com/zhipin-geek-seo/v5460/web/geek/js/main.js:0
[    8539ms] [LOG] JSHandle@node @ https://static.zhipin.com/zhipin-geek-seo/v5460/web/geek/js/main.js:0
[    8539ms] [LOG] Tue Jun 09 2026 11:38:12 GMT+0800 (中国标准时间) @ https://static.zhipin.com/zhipin-geek-seo/v5460/web/geek/js/main.js:0
[    8539ms] [LOG] function(){} @ https://static.zhipin.com/zhipin-geek-seo/v5460/web/geek/js/main.js:0
[    8539ms] [TABLE] [Object, Object, Object, Object, Object, Object, Object, Object, Object, Object, Object, Object, Object, Object, Object, Object, Object, Object, Object, Object, Object, Object, Object, Object, Object, Object, Object, Object, Object, Object, Object, Object, Object, Object, Object, Object, Object, Object, Object, Object, Object, Object, Object, Object, Object, Object, Object, Object, Object, Object] @ https://static.zhipin.com/zhipin-geek-seo/v5460/web/geek/js/main.js:0
[    8567ms] [LOG] [Object, Object, Object, Object, Object, Object, Object, Object, Object, Object, Object, Object, Object, Object, Object, Object, Object, Object, Object, Object, Object, Object, Object, Object, Object, Object, Object, Object, Object, Object, Object, Object, Object, Object, Object, Object, Object, Object, Object, Object, Object, Object, Object, Object, Object, Object, Object, Object, Object, Object] @ https://static.zhipin.com/zhipin-geek-seo/v5460/web/geek/js/main.js:0
[    9039ms] [LOG] JSHandle@node @ https://static.zhipin.com/zhipin-geek-seo/v5460/web/geek/js/main.js:0
[    9039ms] [LOG] Tue Jun 09 2026 11:38:12 GMT+0800 (中国标准时间) @ https://static.zhipin.com/zhipin-geek-seo/v5460/web/geek/js/main.js:0
[    9039ms] [LOG] function(){} @ https://static.zhipin.com/zhipin-geek-seo/v5460/web/geek/js/main.js:0
[    9039ms] [TABLE] [Object, Object, Object, Object, Object, Object, Object, Object, Object, Object, Object, Object, Object, Object, Object, Object, Object, Object, Object, Object, Object, Object, Object, Object, Object, Object, Object, Object, Object, Object, Object, Object, Object, Object, Object, Object, Object, Object, Object, Object, Object, Object, Object, Object, Object, Object, Object, Object, Object, Object] @ https://static.zhipin.com/zhipin-geek-seo/v5460/web/geek/js/main.js:0
[    9067ms] [LOG] [Object, Object, Object, Object, Object, Object, Object, Object, Object, Object, Object, Object, Object, Object, Object, Object, Object, Object, Object, Object, Object, Object, Object, Object, Object, Object, Object, Object, Object, Object, Object, Object, Object, Object, Object, Object, Object, Object, Object, Object, Object, Object, Object, Object, Object, Object, Object, Object, Object, Object] @ https://static.zhipin.com/zhipin-geek-seo/v5460/web/geek/js/main.js:0
[    9067ms] [TABLE] [Object, Object, Object, Object, Object, Object, Object, Object, Object, Object, Object, Object, Object, Object, Object, Object, Object, Object, Object, Object, Object, Object, Object, Object, Object, Object, Object, Object, Object, Object, Object, Object, Object, Object, Object, Object, Object, Object, Object, Object, Object, Object, Object, Object, Object, Object, Object, Object, Object, Object] @ https://static.zhipin.com/zhipin-geek-seo/v5460/web/geek/js/main.js:0
[    9094ms] [LOG] [Object, Object, Object, Object, Object, Object, Object, Object, Object, Object, Object, Object, Object, Object, Object, Object, Object, Object, Object, Object, Object, Object, Object, Object, Object, Object, Object, Object, Object, Object, Object, Object, Object, Object, Object, Object, Object, Object, Object, Object, Object, Object, Object, Object, Object, Object, Object, Object, Object, Object] @ https://static.zhipin.com/zhipin-geek-seo/v5460/web/geek/js/main.js:0
[    9094ms] [TABLE] [Object, Object, Object, Object, Object, Object, Object, Object, Object, Object, Object, Object, Object, Object, Object, Object, Object, Object, Object, Object, Object, Object, Object, Object, Object, Object, Object, Object, Object, Object, Object, Object, Object, Object, Object, Object, Object, Object, Object, Object, Object, Object, Object, Object, Object, Object, Object, Object, Object, Object] @ https://static.zhipin.com/zhipin-geek-seo/v5460/web/geek/js/main.js:0
[    9124ms] [LOG] [Object, Object, Object, Object, Object, Object, Object, Object, Object, Object, Object, Object, Object, Object, Object, Object, Object, Object, Object, Object, Object, Object, Object, Object, Object, Object, Object, Object, Object, Object, Object, Object, Object, Object, Object, Object, Object, Object, Object, Object, Object, Object, Object, Object, Object, Object, Object, Object, Object, Object] @ https://static.zhipin.com/zhipin-geek-seo/v5460/web/geek/js/main.js:0
[    9124ms] [TABLE] [Object, Object, Object, Object, Object, Object, Object, Object, Object, Object, Object, Object, Object, Object, Object, Object, Object, Object, Object, Object, Object, Object, Object, Object, Object, Object, Object, Object, Object, Object, Object, Object, Object, Object, Object, Object, Object, Object, Object, Object, Object, Object, Object, Object, Object, Object, Object, Object, Object, Object] @ https://static.zhipin.com/zhipin-geek-seo/v5460/web/geek/js/main.js:0
[    9153ms] [LOG] [Object, Object, Object, Object, Object, Object, Object, Object, Object, Object, Object, Object, Object, Object, Object, Object, Object, Object, Object, Object, Object, Object, Object, Object, Object, Object, Object, Object, Object, Object, Object, Object, Object, Object, Object, Object, Object, Object, Object, Object, Object, Object, Object, Object, Object, Object, Object, Object, Object, Object] @ https://static.zhipin.com/zhipin-geek-seo/v5460/web/geek/js/main.js:0
[    9154ms] [WARNING] Scripts may close only the windows that were opened by them. @ https://static.zhipin.com/zhipin-geek-seo/v5460/web/geek/js/main.js:0
